// Jest Snapshot v1, https://goo.gl/fbAQLP

exports[`Test Search render app 1`] = `
<Connect
  actions={[Function]}
  className="my-classname"
  mapToProps={null}
>
  <Component />
</Connect>
`;
