// Jest Snapshot v1, https://goo.gl/fbAQLP

exports[`Test App render app 1`] = `
<div
  className="root"
>
  <ConnectWrapper />
  <UsersList />
  <Footer />
</div>
`;
